// Vitest Snapshot v1, https://vitest.dev/guide/snapshot.html

exports[`no-array-push > invalid > const foo = [1, 2, 3]; foo.push(4) 1`] = `"const foo = [1, 2, 3]; foo.push(4)"`;
